{"version":3,"file":"unknown","sources":["helloworld.js.coffee"],"names":["f","x"],"mappings":"AAAA;;;EAAAA,CAAA,GAAI,SAAA,CAAA,CAAA;WACF;;EACFA,CAAA,CAAA;EAGAC,CAAA,GAAI,SAAA,CAAA,CAAA;WACF;;EACFA,CAAA,CAAA"}